{
    "pipeline": "pipeline_id",
    "job details": {
        "job category": "preprocessing",
        "job name": "Tokenization2Arrow",
        "job type": "ray",
        "job id": "job_id",
        "start_time": "2025-02-10 13:26:49",
        "end_time": "2025-02-10 13:26:52",
        "status": "success"
    },
    "code": null,
    "job_input_params": {
        "tokenizer": "hf-internal-testing/llama-tokenizer",
        "tokenizer_args": null,
        "doc_id_column": "document_id",
        "doc_content_column": "contents",
        "text_lang": "en",
        "chunk_size": 0,
        "checkpointing": false,
        "max_files": -1,
        "random_samples": -1,
        "files_to_use": [".parquet"],
        "number of workers": 1,
        "worker options": {
            "num_cpus": 0.8,
            "max_restarts": -1
        },
        "actor creation delay": 0
    },
    "execution_stats": {
        "cpus": 10,
        "gpus": 0,
        "memory": 15.091966248117387,
        "object_store": 2.0,
        "execution time, min": 0.055
    },
    "job_output_stats": {
        "source_files": 5,
        "source_size": 32713,
        "result_files": 3,
        "result_size": 2222,
        "processing_time": 0.038,
        "num_files": 3,
        "num_rows": 6,
        "num_tokenized_rows": 6,
        "num_empty_rows": 0,
        "num_tokens": 85,
        "num_chars": 384,
        "skipped empty tables": 2,
        "result_doc_count": 0
    },
    "source": {
        "name": "/Users/santoshborse/development/IBM/data-prep-kit/transforms/universal/tokenization2arrow/test-data/ds01/input",
        "type": "path"
    },
    "target": {
        "name": "/Users/santoshborse/development/IBM/data-prep-kit/transforms/universal/tokenization2arrow/output/ds01",
        "type": "path"
    }
}
