{
  "pipeline": "pipeline_id",
  "job details": {
    "job category": "preprocessing",
    "job name": "pdf2parquet",
    "job type": "pure python",
    "job id": "job_id",
    "start_time": "2025-02-10 14:18:13",
    "end_time": "2025-02-10 14:18:21",
    "status": "success"
  },
  "code": null,
  "job_input_params": {
    "batch_size": -1,
    "artifacts_path": null,
    "contents_type": "text/markdown",
    "do_table_structure": true,
    "do_ocr": true,
    "ocr_engine": "easyocr",
    "bitmap_area_threshold": 0.05,
    "pdf_backend": "dlparse_v2",
    "double_precision": 8,
    "checkpointing": false,
    "max_files": -1,
    "random_samples": -1,
    "files_to_use": [
      ".pdf",
      ".zip"
    ],
    "num_processors": 0
  },
  "execution_stats": {
    "cpus": 23.6,
    "gpus": 0,
    "memory": 29.99,
    "object_store": 0,
    "execution time, min": 0.127
  },
  "job_output_stats": {
    "source_files": 2,
    "source_size": 605137,
    "result_files": 2,
    "result_size": 32765,
    "processing_time": 3.93,
    "nrows": 3,
    "nsuccess": 3,
    "nfail": 0,
    "nskip": 0
  },
  "source": {
    "name": "/Users/dol/codes/data-prep-kit/transforms/language/pdf2parquet/test-data/input",
    "type": "path"
  },
  "target": {
    "name": "/Users/dol/codes/data-prep-kit/transforms/language/pdf2parquet/output",
    "type": "path"
  }
}