{
  "pipeline": "pipeline_id",
  "job details": {
    "job category": "preprocessing",
    "job name": "gcls",
    "job type": "pure python",
    "job id": "job_id",
    "start_time": "2025-02-17 11:05:56",
    "end_time": "2025-02-17 11:05:59",
    "status": "success"
  },
  "code": {
    "github": "github",
    "commit_hash": "12345",
    "path": "path"
  },
  "job_input_params": {
    "gcls_model_credential": "PUT YOUR OWN HUGGINGFACE CREDENTIAL",
    "gcls_model_file_name": [
      "['fasttext_medical.bin']"
    ],
    "gcls_model_url": [
      "['ibm-granite/GneissWeb.Med_classifier']"
    ],
    "gcls_content_column_name": "text",
    "gcls_output_label_column_name": [
      "['label_med']"
    ],
    "gcls_output_score_column_name": [
      "['score']"
    ],
    "gcls_n_processes": 1,
    "checkpointing": false,
    "max_files": -1,
    "random_samples": -1,
    "files_to_use": [
      ".parquet"
    ],
    "num_processors": 0
  },
  "execution_stats": {
    "cpus": 35.6,
    "gpus": 0,
    "memory": 26.88,
    "object_store": 0,
    "execution time, min": 0.049
  },
  "job_output_stats": {
    "source_files": 1,
    "source_size": 44810,
    "result_files": 1,
    "result_size": 40631,
    "processing_time": 2.938,
    "cc": 15,
    "source_doc_count": 15,
    "result_doc_count": 15
  },
  "source": {
    "name": "/home/kind/data-prep-kit/transforms/language/gneissweb_classification/test-data/input",
    "type": "path"
  },
  "target": {
    "name": "/tmp/gneissweb_classification/output",
    "type": "path"
  }
}