{
  "pipeline": "pipeline_id",
  "job details": {
    "job category": "preprocessing",
    "job name": "CodeProfiler",
    "job type": "pure python",
    "job id": "job_id",
    "start_time": "2024-11-27 09:36:19",
    "end_time": "2024-11-27 09:36:22",
    "status": "success"
  },
  "code": null,
  "job_input_params": {
    "checkpointing": false,
    "max_files": -1,
    "random_samples": -1,
    "files_to_use": [
      ".parquet"
    ],
    "num_processors": 0
  },
  "execution_stats": {
    "cpus": 0.1,
    "gpus": 0,
    "memory": 3.44,
    "object_store": 0,
    "execution time, min": 0.053
  },
  "job_output_stats": {
    "source_files": 1,
    "source_size": 37124,
    "result_files": 1,
    "result_size": 64492,
    "processing_time": 0.901,
    "source_documents": 5,
    "result_documents": 11,
    "source_doc_count": 500,
    "result_doc_count": 500
  },
  "source": {
    "name": "/root/data-prep-kit/transforms/code/code_profiler/input",
    "type": "path"
  },
  "target": {
    "name": "/root/data-prep-kit/transforms/code/code_profiler/output",
    "type": "path"
  }
}