{
  "pipeline": "pipeline_id",
  "job details": {
    "job category": "preprocessing",
    "job name": "similarity",
    "job type": "pure python",
    "job id": "job_id",
    "start_time": "2024-12-16 15:48:36",
    "end_time": "2024-12-16 15:48:42",
    "status": "success"
  },
  "code": {
    "github": "github",
    "commit_hash": "12345",
    "path": "path"
  },
  "job_input_params": {
    "es_endpoint": "https://0a70a83e-b9e2-45d9-a351-d549de4215f4.c9v3nfod0e3fgcbd1oug.databases.appdomain.cloud:32207/_search",
    "es_userid": "ibm_cloud_1b2cad32_84de_4db3_ae85_0fc3656feae9",
    "es_index": "cnn_dailymail",
    "shingle_size": 8,
    "result_size": 1,
    "annotation_column": "similarity_score",
    "doc_text_column": "contents",
    "checkpointing": false,
    "max_files": -1,
    "random_samples": -1,
    "files_to_use": [
      ".parquet"
    ],
    "num_processors": 0
  },
  "execution_stats": {
    "cpus": 40.1,
    "gpus": 0,
    "memory": 32.15,
    "object_store": 0,
    "execution time, min": 0.098
  },
  "job_output_stats": {
    "source_files": 1,
    "source_size": 2314,
    "result_files": 1,
    "result_size": 6076,
    "processing_time": 5.903,
    "nrows": 8,
    "source_doc_count": 8,
    "result_doc_count": 8
  },
  "source": {
    "name": "test-data/input",
    "type": "path"
  },
  "target": {
    "name": "output",
    "type": "path"
}
}