{
  "pre_content col size": 44506,
  "deduped_content col size": 27395
}